###############################################################################
#
# IAR ELF Linker V9.50.1.380/W64 for ARM                  27/Apr/2026  16:44:34
# Copyright 2007-2023 IAR Systems AB.
#
#    Output file  =
#        C:\Users\pedro\Documents\important\institute of physics\Field
#        emission\field_emission_machine\field_emission_machine_IWDG_fix\EWARM\field_emission_machine_IWDG_fix\Exe\field_emission_machine_IWDG_fix.out
#    Map file     =
#        C:\Users\pedro\Documents\important\institute of physics\Field
#        emission\field_emission_machine\field_emission_machine_IWDG_fix\EWARM\field_emission_machine_IWDG_fix\List\field_emission_machine_IWDG_fix.map
#    Command line =
#        -f "C:\Users\pedro\Documents\important\institute of physics\Field
#        emission\field_emission_machine\field_emission_machine_IWDG_fix\EWARM\field_emission_machine_IWDG_fix\Exe\field_emission_machine_IWDG_fix.out.rsp"
#        ("C:\Users\pedro\Documents\important\institute of physics\Field
#        emission\field_emission_machine\field_emission_machine_IWDG_fix\EWARM\field_emission_machine_IWDG_fix\Obj\FreeRTOS_4809373609813369194.dir\cmsis_os2.o"
#        "C:\Users\pedro\Documents\important\institute of physics\Field
#        emission\field_emission_machine\field_emission_machine_IWDG_fix\EWARM\field_emission_machine_IWDG_fix\Obj\FreeRTOS_4809373609813369194.dir\croutine.o"
#        "C:\Users\pedro\Documents\important\institute of physics\Field
#        emission\field_emission_machine\field_emission_machine_IWDG_fix\EWARM\field_emission_machine_IWDG_fix\Obj\Core_13247989168731456611.dir\DAC_control.o"
#        "C:\Users\pedro\Documents\important\institute of physics\Field
#        emission\field_emission_machine\field_emission_machine_IWDG_fix\EWARM\field_emission_machine_IWDG_fix\Obj\FreeRTOS_4809373609813369194.dir\event_groups.o"
#        "C:\Users\pedro\Documents\important\institute of physics\Field
#        emission\field_emission_machine\field_emission_machine_IWDG_fix\EWARM\field_emission_machine_IWDG_fix\Obj\Core_13247989168731456611.dir\freertos.o"
#        "C:\Users\pedro\Documents\important\institute of physics\Field
#        emission\field_emission_machine\field_emission_machine_IWDG_fix\EWARM\field_emission_machine_IWDG_fix\Obj\FreeRTOS_4809373609813369194.dir\heap_4.o"
#        "C:\Users\pedro\Documents\important\institute of physics\Field
#        emission\field_emission_machine\field_emission_machine_IWDG_fix\EWARM\field_emission_machine_IWDG_fix\Obj\FreeRTOS_4809373609813369194.dir\list.o"
#        "C:\Users\pedro\Documents\important\institute of physics\Field
#        emission\field_emission_machine\field_emission_machine_IWDG_fix\EWARM\field_emission_machine_IWDG_fix\Obj\Core_13247989168731456611.dir\main.o"
#        "C:\Users\pedro\Documents\important\institute of physics\Field
#        emission\field_emission_machine\field_emission_machine_IWDG_fix\EWARM\field_emission_machine_IWDG_fix\Obj\FreeRTOS_4809373609813369194.dir\port.o"
#        "C:\Users\pedro\Documents\important\institute of physics\Field
#        emission\field_emission_machine\field_emission_machine_IWDG_fix\EWARM\field_emission_machine_IWDG_fix\Obj\FreeRTOS_4809373609813369194.dir\portasm.o"
#        "C:\Users\pedro\Documents\important\institute of physics\Field
#        emission\field_emission_machine\field_emission_machine_IWDG_fix\EWARM\field_emission_machine_IWDG_fix\Obj\FreeRTOS_4809373609813369194.dir\queue.o"
#        "C:\Users\pedro\Documents\important\institute of physics\Field
#        emission\field_emission_machine\field_emission_machine_IWDG_fix\EWARM\field_emission_machine_IWDG_fix\Obj\EWARM_18443280873093131863.dir\startup_stm32f103xb.o"
#        "C:\Users\pedro\Documents\important\institute of physics\Field
#        emission\field_emission_machine\field_emission_machine_IWDG_fix\EWARM\field_emission_machine_IWDG_fix\Obj\STM32F1xx_HAL_Driver_9701002599162248031.dir\stm32f1xx_hal.o"
#        "C:\Users\pedro\Documents\important\institute of physics\Field
#        emission\field_emission_machine\field_emission_machine_IWDG_fix\EWARM\field_emission_machine_IWDG_fix\Obj\STM32F1xx_HAL_Driver_9701002599162248031.dir\stm32f1xx_hal_cortex.o"
#        "C:\Users\pedro\Documents\important\institute of physics\Field
#        emission\field_emission_machine\field_emission_machine_IWDG_fix\EWARM\field_emission_machine_IWDG_fix\Obj\STM32F1xx_HAL_Driver_9701002599162248031.dir\stm32f1xx_hal_dma.o"
#        "C:\Users\pedro\Documents\important\institute of physics\Field
#        emission\field_emission_machine\field_emission_machine_IWDG_fix\EWARM\field_emission_machine_IWDG_fix\Obj\STM32F1xx_HAL_Driver_9701002599162248031.dir\stm32f1xx_hal_exti.o"
#        "C:\Users\pedro\Documents\important\institute of physics\Field
#        emission\field_emission_machine\field_emission_machine_IWDG_fix\EWARM\field_emission_machine_IWDG_fix\Obj\STM32F1xx_HAL_Driver_9701002599162248031.dir\stm32f1xx_hal_flash.o"
#        "C:\Users\pedro\Documents\important\institute of physics\Field
#        emission\field_emission_machine\field_emission_machine_IWDG_fix\EWARM\field_emission_machine_IWDG_fix\Obj\STM32F1xx_HAL_Driver_9701002599162248031.dir\stm32f1xx_hal_flash_ex.o"
#        "C:\Users\pedro\Documents\important\institute of physics\Field
#        emission\field_emission_machine\field_emission_machine_IWDG_fix\EWARM\field_emission_machine_IWDG_fix\Obj\STM32F1xx_HAL_Driver_9701002599162248031.dir\stm32f1xx_hal_gpio.o"
#        "C:\Users\pedro\Documents\important\institute of physics\Field
#        emission\field_emission_machine\field_emission_machine_IWDG_fix\EWARM\field_emission_machine_IWDG_fix\Obj\STM32F1xx_HAL_Driver_9701002599162248031.dir\stm32f1xx_hal_gpio_ex.o"
#        "C:\Users\pedro\Documents\important\institute of physics\Field
#        emission\field_emission_machine\field_emission_machine_IWDG_fix\EWARM\field_emission_machine_IWDG_fix\Obj\STM32F1xx_HAL_Driver_9701002599162248031.dir\stm32f1xx_hal_i2c.o"
#        "C:\Users\pedro\Documents\important\institute of physics\Field
#        emission\field_emission_machine\field_emission_machine_IWDG_fix\EWARM\field_emission_machine_IWDG_fix\Obj\STM32F1xx_HAL_Driver_9701002599162248031.dir\stm32f1xx_hal_iwdg.o"
#        "C:\Users\pedro\Documents\important\institute of physics\Field
#        emission\field_emission_machine\field_emission_machine_IWDG_fix\EWARM\field_emission_machine_IWDG_fix\Obj\Core_13247989168731456611.dir\stm32f1xx_hal_msp.o"
#        "C:\Users\pedro\Documents\important\institute of physics\Field
#        emission\field_emission_machine\field_emission_machine_IWDG_fix\EWARM\field_emission_machine_IWDG_fix\Obj\STM32F1xx_HAL_Driver_9701002599162248031.dir\stm32f1xx_hal_pwr.o"
#        "C:\Users\pedro\Documents\important\institute of physics\Field
#        emission\field_emission_machine\field_emission_machine_IWDG_fix\EWARM\field_emission_machine_IWDG_fix\Obj\STM32F1xx_HAL_Driver_9701002599162248031.dir\stm32f1xx_hal_rcc.o"
#        "C:\Users\pedro\Documents\important\institute of physics\Field
#        emission\field_emission_machine\field_emission_machine_IWDG_fix\EWARM\field_emission_machine_IWDG_fix\Obj\STM32F1xx_HAL_Driver_9701002599162248031.dir\stm32f1xx_hal_rcc_ex.o"
#        "C:\Users\pedro\Documents\important\institute of physics\Field
#        emission\field_emission_machine\field_emission_machine_IWDG_fix\EWARM\field_emission_machine_IWDG_fix\Obj\STM32F1xx_HAL_Driver_9701002599162248031.dir\stm32f1xx_hal_tim.o"
#        "C:\Users\pedro\Documents\important\institute of physics\Field
#        emission\field_emission_machine\field_emission_machine_IWDG_fix\EWARM\field_emission_machine_IWDG_fix\Obj\STM32F1xx_HAL_Driver_9701002599162248031.dir\stm32f1xx_hal_tim_ex.o"
#        "C:\Users\pedro\Documents\important\institute of physics\Field
#        emission\field_emission_machine\field_emission_machine_IWDG_fix\EWARM\field_emission_machine_IWDG_fix\Obj\Core_13247989168731456611.dir\stm32f1xx_hal_timebase_tim.o"
#        "C:\Users\pedro\Documents\important\institute of physics\Field
#        emission\field_emission_machine\field_emission_machine_IWDG_fix\EWARM\field_emission_machine_IWDG_fix\Obj\STM32F1xx_HAL_Driver_9701002599162248031.dir\stm32f1xx_hal_uart.o"
#        "C:\Users\pedro\Documents\important\institute of physics\Field
#        emission\field_emission_machine\field_emission_machine_IWDG_fix\EWARM\field_emission_machine_IWDG_fix\Obj\Core_13247989168731456611.dir\stm32f1xx_it.o"
#        "C:\Users\pedro\Documents\important\institute of physics\Field
#        emission\field_emission_machine\field_emission_machine_IWDG_fix\EWARM\field_emission_machine_IWDG_fix\Obj\FreeRTOS_4809373609813369194.dir\stream_buffer.o"
#        "C:\Users\pedro\Documents\important\institute of physics\Field
#        emission\field_emission_machine\field_emission_machine_IWDG_fix\EWARM\field_emission_machine_IWDG_fix\Obj\CMSIS_6603591812247902717.dir\system_stm32f1xx.o"
#        "C:\Users\pedro\Documents\important\institute of physics\Field
#        emission\field_emission_machine\field_emission_machine_IWDG_fix\EWARM\field_emission_machine_IWDG_fix\Obj\FreeRTOS_4809373609813369194.dir\tasks.o"
#        "C:\Users\pedro\Documents\important\institute of physics\Field
#        emission\field_emission_machine\field_emission_machine_IWDG_fix\EWARM\field_emission_machine_IWDG_fix\Obj\FreeRTOS_4809373609813369194.dir\timers.o"
#        --no_out_extension -o "C:\Users\pedro\Documents\important\institute of
#        physics\Field
#        emission\field_emission_machine\field_emission_machine_IWDG_fix\EWARM\field_emission_machine_IWDG_fix\Exe\field_emission_machine_IWDG_fix.out"
#        --redirect _Printf=_PrintfFullNoMb --redirect _Scanf=_ScanfFullNoMb
#        --map "C:\Users\pedro\Documents\important\institute of physics\Field
#        emission\field_emission_machine\field_emission_machine_IWDG_fix\EWARM\field_emission_machine_IWDG_fix\List\field_emission_machine_IWDG_fix.map"
#        --config "C:\Users\pedro\Documents\important\institute of
#        physics\Field
#        emission\field_emission_machine\field_emission_machine_IWDG_fix\EWARM/stm32f103xb_flash.icf"
#        --semihosting --entry __iar_program_start --vfe --text_out locale
#        --cpu=Cortex-M3 --fpu=None) --dependencies=n
#        "C:\Users\pedro\Documents\important\institute of physics\Field
#        emission\field_emission_machine\field_emission_machine_IWDG_fix\EWARM\field_emission_machine_IWDG_fix\Exe\field_emission_machine_IWDG_fix.out.iar_deps"
#
###############################################################################

*******************************************************************************
*** RUNTIME MODEL ATTRIBUTES
***

CppFlavor       = *
__CPP_Runtime   = 1
__SystemLibrary = DLib
__dlib_version  = 6


*******************************************************************************
*** HEAP SELECTION
***

The basic heap was selected because --advanced_heap
was not specified and the application did not appear to
be primarily optimized for speed.


*******************************************************************************
*** PLACEMENT SUMMARY
***

"A0":  place at address 0x800'0000 { ro section .intvec };
"P1":  place in [from 0x800'0000 to 0x801'ffff] { ro };
define block CSTACK with size = 1K, alignment = 8 { };
define block HEAP with size = 512, alignment = 8 { };
"P2":  place in [from 0x2000'0000 to 0x2000'4fff] {
          rw, block CSTACK, block HEAP };
initialize by copy { rw };

  Section            Kind         Address  Aligment    Size  Object
  -------            ----         -------  --------    ----  ------
"A0":                                                  0xec
  .intvec            ro code   0x800'0000         4    0xec  startup_stm32f103xb.o [3]
                             - 0x800'00ec              0xec

"P1":                                                0x31d0
  .text              ro code   0x800'00ec         4   0x760  tasks.o [4]
  .text              ro code   0x800'084c         4   0x1b0  heap_4.o [4]
  .text              ro code   0x800'09fc         4    0x3a  ABImemset48.o [8]
  .text              ro code   0x800'0a36         2    0x94  list.o [4]
  .text              ro code   0x800'0aca         2    0x2a  copy_init3.o [8]
  .text              ro code   0x800'0af4         4   0x18c  port.o [4]
  .text              ro code   0x800'0c80         4    0x14  cmsis_os2.o [4]
  .text              ro code   0x800'0c94         4   0x434  timers.o [4]
  .text              ro code   0x800'10c8         4     0xc  freertos.o [2]
  .text              ro code   0x800'10d4         4    0x28  port.o [4]
  CODE               ro code   0x800'10fc         4    0x88  portasm.o [4]
  .text              ro code   0x800'1184         4    0x18  cmsis_os2.o [4]
  .text              ro code   0x800'119c         4   0x65c  queue.o [4]
  .text              ro code   0x800'17f8         2    0x62  stm32f1xx_hal_iwdg.o [5]
  .text              ro code   0x800'185c         4    0x18  ABImemcpy_small.o [8]
  .text              ro code   0x800'1874         4     0xc  stm32f1xx_hal.o [5]
  .text              ro code   0x800'1880         4   0x54a  stm32f1xx_hal_i2c.o [5]
  .text              ro code   0x800'1dcc         4   0x11c  stm32f1xx_hal_msp.o [2]
  .text              ro code   0x800'1ee8         4   0x4ee  stm32f1xx_hal_rcc.o [5]
  .text              ro code   0x800'23d8         4    0x94  stm32f1xx_hal_cortex.o [5]
  .text              ro code   0x800'246c         4    0x12  ABImemset_small.o [8]
  .text              ro code   0x800'2480         4   0x1e0  stm32f1xx_hal_gpio.o [5]
  .text              ro code   0x800'2660         4    0x9c  stm32f1xx_hal_timebase_tim.o [2]
  .text              ro code   0x800'26fc         4   0x264  stm32f1xx_hal_tim.o [5]
  .text              ro code   0x800'2960         2     0x2  stm32f1xx_hal_tim.o [5]
  .text              ro code   0x800'2962         2     0x2  stm32f1xx_hal_tim.o [5]
  .text              ro code   0x800'2964         2     0x2  stm32f1xx_hal_tim.o [5]
  .text              ro code   0x800'2968         4   0x298  main.o [2]
  .text              ro code   0x800'2c00         2     0x2  stm32f1xx_hal_tim_ex.o [5]
  .text              ro code   0x800'2c02         2     0x2  stm32f1xx_hal_tim.o [5]
  .text              ro code   0x800'2c04         2     0x2  stm32f1xx_hal_tim_ex.o [5]
  .text              ro code   0x800'2c06         2     0x2  stm32f1xx_hal_tim.o [5]
  .text              ro code   0x800'2c08         4    0x24  stm32f1xx_hal.o [5]
  .text              ro code   0x800'2c2c         4    0xfc  stm32f1xx_hal_uart.o [5]
  .text              ro code   0x800'2d28         4   0x2b4  cmsis_os2.o [4]
  .text              ro code   0x800'2fdc         4    0x2c  DAC_control.o [2]
  .text              ro code   0x800'3008         4    0x26  FltToS32.o [7]
  .text              ro code   0x800'3030         4    0x10  stm32f1xx_hal.o [5]
  .rodata            const     0x800'3040         4    0x48  main.o [2]
  .text              ro code   0x800'3088         2    0x38  zero_init3.o [8]
  .text              ro code   0x800'30c0         4    0x2a  data_init.o [8]
  .iar.init_table    const     0x800'30ec         4    0x24  - Linker created -
  .text              ro code   0x800'3110         4    0x1e  cmain.o [8]
  .text              ro code   0x800'312e         2     0x4  low_level_init.o [6]
  .text              ro code   0x800'3132         2     0x4  exit.o [6]
  .text              ro code   0x800'3138         4     0xa  cexit.o [8]
  .text              ro code   0x800'3144         4    0x14  exit.o [9]
  .text              ro code   0x800'3158         4    0x1c  cstartup_M.o [8]
  Initializer bytes  const     0x800'3174         4    0x1c  <for P2-1>
  .text              ro code   0x800'3190         4    0x18  stm32f1xx_it.o [2]
  .text              ro code   0x800'31a8         4    0x14  system_stm32f1xx.o [1]
  .rodata            const     0x800'31bc         4    0x10  main.o [2]
  .rodata            const     0x800'31cc         4    0x10  main.o [2]
  .text              ro code   0x800'31dc         4    0x10  startup_stm32f103xb.o [3]
  .rodata            const     0x800'31ec         4     0xc  main.o [2]
  .rodata            const     0x800'31f8         4     0xc  main.o [2]
  .rodata            const     0x800'3204         4     0x8  main.o [2]
  .rodata            const     0x800'320c         4     0x8  system_stm32f1xx.o [1]
  .text              ro code   0x800'3214         2     0x4  startup_stm32f103xb.o [3]
  .text              ro code   0x800'3218         2     0x4  startup_stm32f103xb.o [3]
  .text              ro code   0x800'321c         2     0x4  startup_stm32f103xb.o [3]
  .text              ro code   0x800'3220         2     0x4  startup_stm32f103xb.o [3]
  .text              ro code   0x800'3224         2     0x4  startup_stm32f103xb.o [3]
  .text              ro code   0x800'3228         2     0x4  startup_stm32f103xb.o [3]
  .text              ro code   0x800'322c         2     0x4  startup_stm32f103xb.o [3]
  .text              ro code   0x800'3230         2     0x4  startup_stm32f103xb.o [3]
  .text              ro code   0x800'3234         2     0x4  startup_stm32f103xb.o [3]
  .text              ro code   0x800'3238         2     0x4  startup_stm32f103xb.o [3]
  .text              ro code   0x800'323c         2     0x4  startup_stm32f103xb.o [3]
  .text              ro code   0x800'3240         2     0x4  startup_stm32f103xb.o [3]
  .text              ro code   0x800'3244         2     0x4  startup_stm32f103xb.o [3]
  .text              ro code   0x800'3248         2     0x4  startup_stm32f103xb.o [3]
  .text              ro code   0x800'324c         2     0x4  startup_stm32f103xb.o [3]
  .text              ro code   0x800'3250         2     0x4  startup_stm32f103xb.o [3]
  .text              ro code   0x800'3254         2     0x4  startup_stm32f103xb.o [3]
  .text              ro code   0x800'3258         2     0x4  startup_stm32f103xb.o [3]
  .text              ro code   0x800'325c         2     0x4  startup_stm32f103xb.o [3]
  .text              ro code   0x800'3260         2     0x4  startup_stm32f103xb.o [3]
  .text              ro code   0x800'3264         2     0x4  startup_stm32f103xb.o [3]
  .text              ro code   0x800'3268         2     0x4  startup_stm32f103xb.o [3]
  .text              ro code   0x800'326c         2     0x4  startup_stm32f103xb.o [3]
  .text              ro code   0x800'3270         2     0x4  startup_stm32f103xb.o [3]
  .text              ro code   0x800'3274         2     0x4  startup_stm32f103xb.o [3]
  .text              ro code   0x800'3278         2     0x4  startup_stm32f103xb.o [3]
  .text              ro code   0x800'327c         2     0x4  startup_stm32f103xb.o [3]
  .text              ro code   0x800'3280         2     0x4  startup_stm32f103xb.o [3]
  .text              ro code   0x800'3284         2     0x4  startup_stm32f103xb.o [3]
  .text              ro code   0x800'3288         2     0x4  startup_stm32f103xb.o [3]
  .text              ro code   0x800'328c         2     0x4  startup_stm32f103xb.o [3]
  .text              ro code   0x800'3290         2     0x4  startup_stm32f103xb.o [3]
  .text              ro code   0x800'3294         2     0x4  startup_stm32f103xb.o [3]
  .text              ro code   0x800'3298         2     0x4  startup_stm32f103xb.o [3]
  .text              ro code   0x800'329c         2     0x4  startup_stm32f103xb.o [3]
  .text              ro code   0x800'32a0         2     0x4  startup_stm32f103xb.o [3]
  .text              ro code   0x800'32a4         2     0x4  startup_stm32f103xb.o [3]
  .text              ro code   0x800'32a8         2     0x4  startup_stm32f103xb.o [3]
  .text              ro code   0x800'32ac         2     0x4  startup_stm32f103xb.o [3]
  .text              ro code   0x800'32b0         2     0x4  startup_stm32f103xb.o [3]
  .text              ro code   0x800'32b4         2     0x4  startup_stm32f103xb.o [3]
  .text              ro code   0x800'32b8         2     0x4  startup_stm32f103xb.o [3]
  .rodata            const     0x800'32bc               0x0  zero_init3.o [8]
  .rodata            const     0x800'32bc               0x0  copy_init3.o [8]
                             - 0x800'32bc            0x31d0

"P2", part 1 of 3:                                     0x1c
  P2-1                        0x2000'0000         4    0x1c  <Init block>
    .data            inited   0x2000'0000         4     0xc  port.o [4]
    .data            inited   0x2000'000c         4     0xc  stm32f1xx_hal.o [5]
    .data            inited   0x2000'0018         4     0x4  system_stm32f1xx.o [1]
                            - 0x2000'001c              0x1c

"P2", part 2 of 3:                                   0x1a4c
  .bss               zero     0x2000'001c         4   0xc20  heap_4.o [4]
  .bss               zero     0x2000'0c3c         4   0x460  tasks.o [4]
  .bss               zero     0x2000'109c         4   0x45c  cmsis_os2.o [4]
  .bss               zero     0x2000'14f8         4   0x25c  cmsis_os2.o [4]
  .bss               zero     0x2000'1754         4   0x12c  timers.o [4]
  .bss               zero     0x2000'1880         4    0xbc  main.o [2]
  .bss               zero     0x2000'193c         4    0x9c  tasks.o [4]
  .bss               zero     0x2000'19d8         4    0x48  stm32f1xx_hal_timebase_tim.o [2]
  .bss               zero     0x2000'1a20         4    0x40  queue.o [4]
  .bss               zero     0x2000'1a60         4     0x4  cmsis_os2.o [4]
  .bss               zero     0x2000'1a64         4     0x4  main.o [2]
                            - 0x2000'1a68            0x1a4c

"P2", part 3 of 3:                                    0x400
  CSTACK                      0x2000'1a68         8   0x400  <Block>
    CSTACK           uninit   0x2000'1a68             0x400  <Block tail>
                            - 0x2000'1e68             0x400

Unused ranges:

         From           To      Size
         ----           --      ----
   0x800'32bc   0x801'ffff  0x1'cd44
  0x2000'1e68  0x2000'4fff    0x3198


*******************************************************************************
*** INIT TABLE
***

          Address      Size
          -------      ----
Zero (__iar_zero_init3)
    1 destination range, total size 0x1a4c:
          0x2000'001c  0x1a4c

Copy (__iar_copy_init3)
    1 source range, total size 0x1c:
           0x800'3174    0x1c
    1 destination range, total size 0x1c:
          0x2000'0000    0x1c



*******************************************************************************
*** MODULE SUMMARY
***

    Module                        ro code  ro data  rw data
    ------                        -------  -------  -------
command line/config:
    -------------------------------------------------------
    Total:

C:\Users\pedro\Documents\important\institute of physics\Field emission\field_emission_machine\field_emission_machine_IWDG_fix\EWARM\field_emission_machine_IWDG_fix\Obj\CMSIS_6603591812247902717.dir: [1]
    system_stm32f1xx.o                 20       12        4
    -------------------------------------------------------
    Total:                             20       12        4

C:\Users\pedro\Documents\important\institute of physics\Field emission\field_emission_machine\field_emission_machine_IWDG_fix\EWARM\field_emission_machine_IWDG_fix\Obj\Core_13247989168731456611.dir: [2]
    DAC_control.o                      44
    freertos.o                         12
    main.o                            664      136      192
    stm32f1xx_hal_msp.o               284
    stm32f1xx_hal_timebase_tim.o      156                72
    stm32f1xx_it.o                     24
    -------------------------------------------------------
    Total:                          1'184      136      264

C:\Users\pedro\Documents\important\institute of physics\Field emission\field_emission_machine\field_emission_machine_IWDG_fix\EWARM\field_emission_machine_IWDG_fix\Obj\EWARM_18443280873093131863.dir: [3]
    startup_stm32f103xb.o             420
    -------------------------------------------------------
    Total:                            420

C:\Users\pedro\Documents\important\institute of physics\Field emission\field_emission_machine\field_emission_machine_IWDG_fix\EWARM\field_emission_machine_IWDG_fix\Obj\FreeRTOS_4809373609813369194.dir: [4]
    cmsis_os2.o                       736             1'724
    heap_4.o                          432             3'104
    list.o                            148
    port.o                            436       12       12
    portasm.o                         136
    queue.o                         1'628                64
    tasks.o                         1'888             1'276
    timers.o                        1'076               300
    -------------------------------------------------------
    Total:                          6'480       12    6'480

C:\Users\pedro\Documents\important\institute of physics\Field emission\field_emission_machine\field_emission_machine_IWDG_fix\EWARM\field_emission_machine_IWDG_fix\Obj\STM32F1xx_HAL_Driver_9701002599162248031.dir: [5]
    stm32f1xx_hal.o                    64       12       12
    stm32f1xx_hal_cortex.o            148
    stm32f1xx_hal_gpio.o              480
    stm32f1xx_hal_i2c.o             1'354
    stm32f1xx_hal_iwdg.o               98
    stm32f1xx_hal_rcc.o             1'262
    stm32f1xx_hal_tim.o               622
    stm32f1xx_hal_tim_ex.o              4
    stm32f1xx_hal_uart.o              252
    -------------------------------------------------------
    Total:                          4'284       12       12

dl7M_tlf.a: [6]
    exit.o                              4
    low_level_init.o                    4
    -------------------------------------------------------
    Total:                              8

m7M_tl.a: [7]
    FltToS32.o                         38
    -------------------------------------------------------
    Total:                             38

rt7M_tl.a: [8]
    ABImemcpy_small.o                  24
    ABImemset48.o                      58
    ABImemset_small.o                  18
    cexit.o                            10
    cmain.o                            30
    copy_init3.o                       42
    cstartup_M.o                       28
    data_init.o                        42
    zero_init3.o                       56
    -------------------------------------------------------
    Total:                            308

shb_l.a: [9]
    exit.o                             20
    -------------------------------------------------------
    Total:                             20

    Gaps                               16        2
    Linker created                              36    1'024
-----------------------------------------------------------
    Grand Total:                   12'778      210    7'784


*******************************************************************************
*** ENTRY LIST
***

Entry                       Address   Size  Type      Object
-----                       -------   ----  ----      ------
.iar.init_table$$Base    0x800'30ec          --   Gb  - Linker created -
.iar.init_table$$Limit   0x800'3110          --   Gb  - Linker created -
?main                    0x800'3111         Code  ??  cmain.o [8]
ADC1_2_IRQHandler        0x800'325d         Code  Wk  startup_stm32f103xb.o [3]
AHBPrescTable            0x800'31ac   0x10  Data  ??  system_stm32f1xx.o [1]
APBPrescTable            0x800'320c    0x8  Data  ??  system_stm32f1xx.o [1]
BusFault_Handler         0x800'3197    0x2  Code  ??  stm32f1xx_it.o [2]
CAN1_RX1_IRQHandler      0x800'3269         Code  Wk  startup_stm32f103xb.o [3]
CAN1_SCE_IRQHandler      0x800'326d         Code  Wk  startup_stm32f103xb.o [3]
CSTACK$$Base            0x2000'1a68          --   Gb  - Linker created -
CSTACK$$Limit           0x2000'1e68          --   ??  - Linker created -
Callback01               0x800'2b85    0x2  Code  ??  main.o [2]
DAC_SetVoltage           0x800'2fdd   0x2c  Code  ??  DAC_control.o [2]
DMA1_Channel1_IRQHandler
                         0x800'3241         Code  Wk  startup_stm32f103xb.o [3]
DMA1_Channel2_IRQHandler
                         0x800'3245         Code  Wk  startup_stm32f103xb.o [3]
DMA1_Channel3_IRQHandler
                         0x800'3249         Code  Wk  startup_stm32f103xb.o [3]
DMA1_Channel4_IRQHandler
                         0x800'324d         Code  Wk  startup_stm32f103xb.o [3]
DMA1_Channel5_IRQHandler
                         0x800'3251         Code  Wk  startup_stm32f103xb.o [3]
DMA1_Channel6_IRQHandler
                         0x800'3255         Code  Wk  startup_stm32f103xb.o [3]
DMA1_Channel7_IRQHandler
                         0x800'3259         Code  Wk  startup_stm32f103xb.o [3]
DebugMon_Handler         0x800'319b    0x2  Code  ??  stm32f1xx_it.o [2]
EXTI0_IRQHandler         0x800'322d         Code  Wk  startup_stm32f103xb.o [3]
EXTI15_10_IRQHandler     0x800'32b1         Code  Wk  startup_stm32f103xb.o [3]
EXTI1_IRQHandler         0x800'3231         Code  Wk  startup_stm32f103xb.o [3]
EXTI2_IRQHandler         0x800'3235         Code  Wk  startup_stm32f103xb.o [3]
EXTI3_IRQHandler         0x800'3239         Code  Wk  startup_stm32f103xb.o [3]
EXTI4_IRQHandler         0x800'323d         Code  Wk  startup_stm32f103xb.o [3]
EXTI9_5_IRQHandler       0x800'3271         Code  Wk  startup_stm32f103xb.o [3]
Error_Handler            0x800'2bc5    0x4  Code  ??  main.o [2]
FLASH_IRQHandler         0x800'3225         Code  Wk  startup_stm32f103xb.o [3]
HAL_GPIO_Init            0x800'2481  0x1a4  Code  ??  stm32f1xx_hal_gpio.o [5]
HAL_GPIO_WritePin        0x800'2625    0x8  Code  ??  stm32f1xx_hal_gpio.o [5]
HAL_GetTick              0x800'1875    0xc  Code  Wk  stm32f1xx_hal.o [5]
HAL_I2C_Init             0x800'1881  0x128  Code  ??  stm32f1xx_hal_i2c.o [5]
HAL_I2C_Master_Transmit
                         0x800'19b5  0x13a  Code  ??  stm32f1xx_hal_i2c.o [5]
HAL_I2C_MspInit          0x800'1e0f   0x58  Code  ??  stm32f1xx_hal_msp.o [2]
HAL_IWDG_Init            0x800'17f9   0x56  Code  ??  stm32f1xx_hal_iwdg.o [5]
HAL_IWDG_Refresh         0x800'184f    0xc  Code  ??  stm32f1xx_hal_iwdg.o [5]
HAL_IncTick              0x800'3031   0x10  Code  Wk  stm32f1xx_hal.o [5]
HAL_Init                 0x800'2c09   0x20  Code  ??  stm32f1xx_hal.o [5]
HAL_InitTick             0x800'2661   0x86  Code  ??  stm32f1xx_hal_timebase_tim.o [2]
HAL_MspInit              0x800'1dcd   0x42  Code  ??  stm32f1xx_hal_msp.o [2]
HAL_NVIC_EnableIRQ       0x800'2445   0x16  Code  ??  stm32f1xx_hal_cortex.o [5]
HAL_NVIC_SetPriority     0x800'2407   0x3e  Code  ??  stm32f1xx_hal_cortex.o [5]
HAL_NVIC_SetPriorityGrouping
                         0x800'23f3   0x14  Code  ??  stm32f1xx_hal_cortex.o [5]
HAL_RCC_ClockConfig      0x800'21eb  0x116  Code  ??  stm32f1xx_hal_rcc.o [5]
HAL_RCC_GetClockConfig   0x800'235d   0x36  Code  ??  stm32f1xx_hal_rcc.o [5]
HAL_RCC_GetPCLK1Freq     0x800'2339   0x10  Code  ??  stm32f1xx_hal_rcc.o [5]
HAL_RCC_GetPCLK2Freq     0x800'2349    0xe  Code  ??  stm32f1xx_hal_rcc.o [5]
HAL_RCC_GetSysClockFreq
                         0x800'2301   0x38  Code  ??  stm32f1xx_hal_rcc.o [5]
HAL_RCC_GetSysClockFreq::aPLLMULFactorTable
                         0x800'23c4   0x10  Data  Lc  stm32f1xx_hal_rcc.o [5]
HAL_RCC_GetSysClockFreq::aPredivFactorTable
                         0x800'23d4    0x2  Data  Lc  stm32f1xx_hal_rcc.o [5]
HAL_RCC_OscConfig        0x800'1ee9  0x2fa  Code  ??  stm32f1xx_hal_rcc.o [5]
HAL_TIMEx_BreakCallback
                         0x800'2c01    0x2  Code  Wk  stm32f1xx_hal_tim_ex.o [5]
HAL_TIMEx_CommutCallback
                         0x800'2c05    0x2  Code  Wk  stm32f1xx_hal_tim_ex.o [5]
HAL_TIM_Base_Init        0x800'26fd   0x1a  Code  ??  stm32f1xx_hal_tim.o [5]
HAL_TIM_Base_MspInit     0x800'2961    0x2  Code  Wk  stm32f1xx_hal_tim.o [5]
HAL_TIM_Base_Start_IT    0x800'2717   0x5a  Code  ??  stm32f1xx_hal_tim.o [5]
HAL_TIM_IC_CaptureCallback
                         0x800'2963    0x2  Code  Wk  stm32f1xx_hal_tim.o [5]
HAL_TIM_IRQHandler       0x800'27b5  0x12a  Code  ??  stm32f1xx_hal_tim.o [5]
HAL_TIM_OC_DelayElapsedCallback
                         0x800'2965    0x2  Code  Wk  stm32f1xx_hal_tim.o [5]
HAL_TIM_PWM_PulseFinishedCallback
                         0x800'2c07    0x2  Code  Wk  stm32f1xx_hal_tim.o [5]
HAL_TIM_PeriodElapsedCallback
                         0x800'2b87    0xe  Code  ??  main.o [2]
HAL_TIM_TriggerCallback
                         0x800'2c03    0x2  Code  Wk  stm32f1xx_hal_tim.o [5]
HAL_UART_Init            0x800'2c2d   0x20  Code  ??  stm32f1xx_hal_uart.o [5]
HAL_UART_MspInit         0x800'1e67   0x6a  Code  ??  stm32f1xx_hal_msp.o [2]
HardFault_Handler        0x800'3193    0x2  Code  ??  stm32f1xx_it.o [2]
I2C1_ER_IRQHandler       0x800'3291         Code  Wk  startup_stm32f103xb.o [3]
I2C1_EV_IRQHandler       0x800'328d         Code  Wk  startup_stm32f103xb.o [3]
I2C2_ER_IRQHandler       0x800'3299         Code  Wk  startup_stm32f103xb.o [3]
I2C2_EV_IRQHandler       0x800'3295         Code  Wk  startup_stm32f103xb.o [3]
I2C_IsAcknowledgeFailed
                         0x800'1d99   0x32  Code  Lc  stm32f1xx_hal_i2c.o [5]
I2C_WaitOnBTFFlagUntilTimeout
                         0x800'1d41   0x44  Code  Lc  stm32f1xx_hal_i2c.o [5]
I2C_WaitOnFlagUntilTimeout
                         0x800'1bc9   0x70  Code  Lc  stm32f1xx_hal_i2c.o [5]
I2C_WaitOnMasterAddressFlagUntilTimeout
                         0x800'1c39   0xa0  Code  Lc  stm32f1xx_hal_i2c.o [5]
I2C_WaitOnTXEFlagUntilTimeout
                         0x800'1ce3   0x44  Code  Lc  stm32f1xx_hal_i2c.o [5]
KernelState             0x2000'1a60    0x4  Data  Lc  cmsis_os2.o [4]
MemManage_Handler        0x800'3195    0x2  Code  ??  stm32f1xx_it.o [2]
NMI_Handler              0x800'3191    0x2  Code  ??  stm32f1xx_it.o [2]
PVD_IRQHandler           0x800'3219         Code  Wk  startup_stm32f103xb.o [3]
PendSV_Handler           0x800'10fd         Code  ??  portasm.o [4]
QueueHandle             0x2000'1930    0x4  Data  ??  main.o [2]
Queue_attributes         0x800'2bc8   0x18  Data  ??  main.o [2]
RCC_IRQHandler           0x800'3229         Code  Wk  startup_stm32f103xb.o [3]
RTC_Alarm_IRQHandler     0x800'32b5         Code  Wk  startup_stm32f103xb.o [3]
RTC_IRQHandler           0x800'3221         Code  Wk  startup_stm32f103xb.o [3]
Region$$Table$$Base      0x800'30ec          --   ??  - Linker created -
Region$$Table$$Limit     0x800'3110          --   ??  - Linker created -
Reset_Handler            0x800'31dd         Code  Wk  startup_stm32f103xb.o [3]
SPI1_IRQHandler          0x800'329d         Code  Wk  startup_stm32f103xb.o [3]
SPI2_IRQHandler          0x800'32a1         Code  Wk  startup_stm32f103xb.o [3]
SVC_Handler              0x800'1143         Code  ??  portasm.o [4]
StartDefaultTask         0x800'2b49   0x2e  Code  ??  main.o [2]
StartTask02              0x800'2b79    0xa  Code  ??  main.o [2]
SysTick_Handler          0x800'2d29   0x1a  Code  ??  cmsis_os2.o [4]
SystemClock_Config       0x800'2ae3   0x66  Code  ??  main.o [2]
SystemCoreClock         0x2000'0018    0x4  Data  ??  system_stm32f1xx.o [1]
SystemInit               0x800'31a9    0x2  Code  ??  system_stm32f1xx.o [1]
TAMPER_IRQHandler        0x800'321d         Code  Wk  startup_stm32f103xb.o [3]
TIM1_BRK_IRQHandler      0x800'3275         Code  Wk  startup_stm32f103xb.o [3]
TIM1_CC_IRQHandler       0x800'3281         Code  Wk  startup_stm32f103xb.o [3]
TIM1_TRG_COM_IRQHandler
                         0x800'327d         Code  Wk  startup_stm32f103xb.o [3]
TIM1_UP_IRQHandler       0x800'3279         Code  Wk  startup_stm32f103xb.o [3]
TIM2_IRQHandler          0x800'3285         Code  Wk  startup_stm32f103xb.o [3]
TIM3_IRQHandler          0x800'3289         Code  Wk  startup_stm32f103xb.o [3]
TIM4_IRQHandler          0x800'319d    0x6  Code  ??  stm32f1xx_it.o [2]
TIM_Base_SetConfig       0x800'28e5   0x6c  Code  ??  stm32f1xx_hal_tim.o [5]
TimerCallback            0x800'2e49   0x16  Code  Lc  cmsis_os2.o [4]
UART_SetConfig           0x800'2ca5   0x7a  Code  Lc  stm32f1xx_hal_uart.o [5]
USART1_IRQHandler        0x800'32a5         Code  Wk  startup_stm32f103xb.o [3]
USART2_IRQHandler        0x800'32a9         Code  Wk  startup_stm32f103xb.o [3]
USART3_IRQHandler        0x800'32ad         Code  Wk  startup_stm32f103xb.o [3]
USBWakeUp_IRQHandler     0x800'32b9         Code  Wk  startup_stm32f103xb.o [3]
USB_HP_CAN1_TX_IRQHandler
                         0x800'3261         Code  Wk  startup_stm32f103xb.o [3]
USB_LP_CAN1_RX0_IRQHandler
                         0x800'3265         Code  Wk  startup_stm32f103xb.o [3]
UsageFault_Handler       0x800'3199    0x2  Code  ??  stm32f1xx_it.o [2]
WWDG_IRQHandler          0x800'3215         Code  Wk  startup_stm32f103xb.o [3]
__NVIC_SetPriority       0x800'23d9   0x1a  Code  Lc  stm32f1xx_hal_cortex.o [5]
__aeabi_f2iz             0x800'3009         Code  ??  FltToS32.o [7]
__aeabi_memset4          0x800'09fd         Code  ??  ABImemset48.o [8]
__aeabi_memset8          0x800'09fd         Code  ??  ABImemset48.o [8]
__cmain                  0x800'3111         Code  ??  cmain.o [8]
__exit                   0x800'3145   0x14  Code  ??  exit.o [9]
__iar_Memset4_word       0x800'0a05         Code  ??  ABImemset48.o [8]
__iar_Memset8_word       0x800'0a05         Code  ??  ABImemset48.o [8]
__iar_copy_init3         0x800'0acb   0x2a  Code  ??  copy_init3.o [8]
__iar_data_init3         0x800'30c1   0x18  Code  ??  data_init.o [8]
__iar_program_start      0x800'3159         Code  ??  cstartup_M.o [8]
__iar_small_Memcpy       0x800'1861         Code  ??  ABImemcpy_small.o [8]
__iar_small_Memset       0x800'246d         Code  ??  ABImemset_small.o [8]
__iar_small_Memset_word
                         0x800'246d         Code  ??  ABImemset_small.o [8]
__iar_small_memcpy       0x800'185d         Code  ??  ABImemcpy_small.o [8]
__iar_small_memcpy4      0x800'185d         Code  ??  ABImemcpy_small.o [8]
__iar_small_memcpy8      0x800'185d         Code  ??  ABImemcpy_small.o [8]
__iar_small_memset       0x800'246d         Code  ??  ABImemset_small.o [8]
__iar_zero_init3         0x800'3089   0x38  Code  ??  zero_init3.o [8]
__low_level_init         0x800'312f    0x4  Code  ??  low_level_init.o [6]
__vector_table           0x800'0000         Data  ??  startup_stm32f103xb.o [3]
_call_main               0x800'311d         Code  ??  cmain.o [8]
_exit                    0x800'3139         Code  ??  cexit.o [8]
computerConnectHandle   0x2000'192c    0x4  Data  ??  main.o [2]
computerConnect_attributes
                         0x800'3064   0x24  Data  ??  main.o [2]
defaultTaskHandle       0x2000'1928    0x4  Data  ??  main.o [2]
defaultTask_attributes   0x800'3040   0x24  Data  ??  main.o [2]
exit                     0x800'3133    0x4  Code  ??  exit.o [6]
hi2c2                   0x2000'1880   0x54  Data  ??  main.o [2]
hiwdg                   0x2000'191c    0xc  Data  ??  main.o [2]
htim4                   0x2000'19d8   0x48  Data  ??  stm32f1xx_hal_timebase_tim.o [2]
huart2                  0x2000'18d4   0x48  Data  ??  main.o [2]
main                     0x800'2969  0x17a  Code  ??  main.o [2]
myBinarySem01Handle     0x2000'1938    0x4  Data  ??  main.o [2]
myBinarySem01_attributes
                         0x800'2bf0   0x10  Data  ??  main.o [2]
myTimer01Handle         0x2000'1934    0x4  Data  ??  main.o [2]
myTimer01_attributes     0x800'2be0   0x10  Data  ??  main.o [2]
osDelay                  0x800'2e2f   0x1a  Code  ??  cmsis_os2.o [4]
osKernelInitialize       0x800'2d43   0x16  Code  ??  cmsis_os2.o [4]
osKernelStart            0x800'2d61   0x2a  Code  ??  cmsis_os2.o [4]
osMessageQueueNew        0x800'2f6d   0x60  Code  ??  cmsis_os2.o [4]
osSemaphoreNew           0x800'2ed3   0x8e  Code  ??  cmsis_os2.o [4]
osThreadNew              0x800'2d97   0x92  Code  ??  cmsis_os2.o [4]
osTimerNew               0x800'2e5f   0x74  Code  ??  cmsis_os2.o [4]
prvAddCurrentTaskToDelayedList
                         0x800'07e1   0x4e  Code  Lc  tasks.o [4]
prvAddNewTaskToReadyList
                         0x800'023b   0xac  Code  Lc  tasks.o [4]
prvCheckForValidListAndQueue
                         0x800'1035   0x4e  Code  Lc  timers.o [4]
prvCheckForValidListAndQueue{1}{2}{3}{4}::ucStaticTimerQueueStorage
                        0x2000'17e0   0xa0  Data  Lc  timers.o [4]
prvCheckForValidListAndQueue{1}{2}{3}{4}::xStaticTimerQueue
                        0x2000'1790   0x50  Data  Lc  timers.o [4]
prvCopyDataFromQueue     0x800'16bf   0x28  Code  Lc  queue.o [4]
prvCopyDataToQueue       0x800'1657   0x68  Code  Lc  queue.o [4]
prvDeleteTCB             0x800'06f1   0x2e  Code  Lc  tasks.o [4]
prvIdleTask              0x800'06ad   0x44  Code  Lc  tasks.o [4]
prvInitialiseNewQueue    0x800'12a9   0x20  Code  Lc  queue.o [4]
prvInitialiseNewTask     0x800'01ab   0x90  Code  Lc  tasks.o [4]
prvInitialiseNewTimer    0x800'0d5d   0x42  Code  Lc  timers.o [4]
prvInsertBlockIntoFreeList
                         0x800'09b1   0x46  Code  Lc  heap_4.o [4]
prvInsertTimerInActiveList
                         0x800'1001   0x34  Code  Lc  timers.o [4]
prvIsQueueEmpty          0x800'174f   0x16  Code  Lc  queue.o [4]
prvResetNextTaskUnblockTime
                         0x800'071f   0x1c  Code  Lc  tasks.o [4]
prvSampleTimeNow         0x800'0f89   0x78  Code  Lc  timers.o [4]
prvSampleTimeNow::xLastTime
                        0x2000'1764    0x4  Data  Lc  timers.o [4]
prvTaskExitError         0x800'0b15   0x1c  Code  Lc  port.o [4]
prvTimerTask             0x800'0dfd  0x18c  Code  Lc  timers.o [4]
prvUnlockQueue           0x800'16e7   0x68  Code  Lc  queue.o [4]
pvPortMalloc             0x800'084d  0x102  Code  ??  heap_4.o [4]
pvTimerGetTimerID        0x800'1083   0x12  Code  ??  timers.o [4]
pxCurrentTCB            0x2000'1964    0x4  Data  ??  tasks.o [4]
pxCurrentTimerList      0x2000'1754    0x4  Data  Lc  timers.o [4]
pxDelayedTaskList       0x2000'1968    0x4  Data  Lc  tasks.o [4]
pxEnd                   0x2000'0024    0x4  Data  Lc  heap_4.o [4]
pxOverflowDelayedTaskList
                        0x2000'196c    0x4  Data  Lc  tasks.o [4]
pxOverflowTimerList     0x2000'1758    0x4  Data  Lc  timers.o [4]
pxPortInitialiseStack    0x800'0af5   0x20  Code  ??  port.o [4]
pxReadyTasksLists       0x2000'0c3c  0x460  Data  Lc  tasks.o [4]
start_voltage           0x2000'1a64    0x4  Data  ??  main.o [2]
ucHeap                  0x2000'003c  0xc00  Data  Lc  heap_4.o [4]
ucMaxSysCallPriority    0x2000'0000    0x1  Data  Lc  port.o [4]
ulMaxPRIGROUPValue      0x2000'0008    0x4  Data  Lc  port.o [4]
uwTick                  0x2000'0010    0x4  Data  ??  stm32f1xx_hal.o [5]
uwTickFreq              0x2000'000c    0x1  Data  ??  stm32f1xx_hal.o [5]
uwTickPrio              0x2000'0014    0x4  Data  ??  stm32f1xx_hal.o [5]
uxCriticalNesting       0x2000'0004    0x4  Data  Lc  port.o [4]
uxCurrentNumberOfTasks  0x2000'1988    0x4  Data  Lc  tasks.o [4]
uxDeletedTasksWaitingCleanUp
                        0x2000'1970    0x4  Data  Lc  tasks.o [4]
uxListRemove             0x800'0aa3   0x28  Code  ??  list.o [4]
uxSchedulerSuspended    0x2000'19ac    0x4  Data  Lc  tasks.o [4]
uxTaskNumber            0x2000'19a4    0x4  Data  Lc  tasks.o [4]
uxTopReadyPriority      0x2000'1990    0x4  Data  Lc  tasks.o [4]
vApplicationGetIdleTaskMemory
                         0x800'0c81   0x14  Code  Wk  cmsis_os2.o [4]
vApplicationGetIdleTaskMemory::Idle_Stack
                        0x2000'1554  0x200  Data  Lc  cmsis_os2.o [4]
vApplicationGetIdleTaskMemory::Idle_TCB
                        0x2000'14f8   0x5c  Data  Lc  cmsis_os2.o [4]
vApplicationGetTimerTaskMemory
                         0x800'1185   0x18  Code  Wk  cmsis_os2.o [4]
vApplicationGetTimerTaskMemory::Timer_Stack
                        0x2000'10f8  0x400  Data  Lc  cmsis_os2.o [4]
vApplicationGetTimerTaskMemory::Timer_TCB
                        0x2000'109c   0x5c  Data  Lc  cmsis_os2.o [4]
vApplicationIdleHook     0x800'10c9    0xc  Code  ??  freertos.o [2]
vListInitialise          0x800'0a37   0x1a  Code  ??  list.o [4]
vListInitialiseItem      0x800'0a51    0x6  Code  ??  list.o [4]
vListInsert              0x800'0a71   0x32  Code  ??  list.o [4]
vListInsertEnd           0x800'0a57   0x1a  Code  ??  list.o [4]
vPortEnterCritical       0x800'0ba5   0x32  Code  ??  port.o [4]
vPortExitCritical        0x800'0bd7   0x22  Code  ??  port.o [4]
vPortFree                0x800'095d   0x54  Code  ??  heap_4.o [4]
vPortSetupTimerInterrupt
                         0x800'10d5   0x28  Code  Wk  port.o [4]
vPortStartFirstTask      0x800'1163         Code  ??  portasm.o [4]
vPortValidateInterruptPriority
                         0x800'0c25   0x42  Code  ??  port.o [4]
vQueueAddToRegistry      0x800'1765   0x20  Code  ??  queue.o [4]
vQueueDelete             0x800'1635   0x22  Code  ??  queue.o [4]
vQueueUnregisterQueue    0x800'1785   0x22  Code  ??  queue.o [4]
vQueueWaitForMessageRestricted
                         0x800'17b1   0x48  Code  ??  queue.o [4]
vTaskDelay               0x800'02e7   0x2c  Code  ??  tasks.o [4]
vTaskInternalSetTimeOutState
                         0x800'062b    0xe  Code  ??  tasks.o [4]
vTaskMissedYield         0x800'06a1    0xa  Code  ??  tasks.o [4]
vTaskPlaceOnEventList    0x800'055d   0x20  Code  ??  tasks.o [4]
vTaskPlaceOnEventListRestricted
                         0x800'0597   0x2a  Code  ??  tasks.o [4]
vTaskStartScheduler      0x800'0319   0x6e  Code  ??  tasks.o [4]
vTaskSuspendAll          0x800'0387    0xc  Code  ??  tasks.o [4]
vTaskSwitchContext       0x800'0505   0x50  Code  ??  tasks.o [4]
xActiveTimerList1       0x2000'1768   0x14  Data  Lc  timers.o [4]
xActiveTimerList2       0x2000'177c   0x14  Data  Lc  timers.o [4]
xBlockAllocatedBit      0x2000'0038    0x4  Data  Lc  heap_4.o [4]
xDelayedTaskList1       0x2000'19b0   0x14  Data  Lc  tasks.o [4]
xDelayedTaskList2       0x2000'19c4   0x14  Data  Lc  tasks.o [4]
xFreeBytesRemaining     0x2000'0028    0x4  Data  Lc  heap_4.o [4]
xMinimumEverFreeBytesRemaining
                        0x2000'002c    0x4  Data  Lc  heap_4.o [4]
xNextTaskUnblockTime    0x2000'19a8    0x4  Data  Lc  tasks.o [4]
xNumOfOverflows         0x2000'19a0    0x4  Data  Lc  tasks.o [4]
xNumberOfSuccessfulAllocations
                        0x2000'0030    0x4  Data  Lc  heap_4.o [4]
xNumberOfSuccessfulFrees
                        0x2000'0034    0x4  Data  Lc  heap_4.o [4]
xPendedTicks            0x2000'1998    0x4  Data  Lc  tasks.o [4]
xPendingReadyList       0x2000'193c   0x14  Data  Lc  tasks.o [4]
xPortStartScheduler      0x800'0b31   0x74  Code  ??  port.o [4]
xPortSysTickHandler      0x800'0bf9   0x1c  Code  ??  port.o [4]
xQueueCreateCountingSemaphore
                         0x800'130d   0x2e  Code  ??  queue.o [4]
xQueueCreateCountingSemaphoreStatic
                         0x800'12d9   0x34  Code  ??  queue.o [4]
xQueueGenericCreate      0x800'1271   0x38  Code  ??  queue.o [4]
xQueueGenericCreateStatic
                         0x800'120f   0x62  Code  ??  queue.o [4]
xQueueGenericReset       0x800'119d   0x72  Code  ??  queue.o [4]
xQueueGenericSend        0x800'133b  0x126  Code  ??  queue.o [4]
xQueueGenericSendFromISR
                         0x800'1469   0x92  Code  ??  queue.o [4]
xQueueReceive            0x800'14fb  0x104  Code  ??  queue.o [4]
xQueueRegistry          0x2000'1a20   0x40  Data  ??  queue.o [4]
xSchedulerRunning       0x2000'1994    0x4  Data  Lc  tasks.o [4]
xStart                  0x2000'001c    0x8  Data  Lc  heap_4.o [4]
xSuspendedTaskList      0x2000'1974   0x14  Data  Lc  tasks.o [4]
xTaskCheckForTimeOut     0x800'0639   0x68  Code  ??  tasks.o [4]
xTaskCreate              0x800'014f   0x5c  Code  ??  tasks.o [4]
xTaskCreateStatic        0x800'00ed   0x62  Code  ??  tasks.o [4]
xTaskGetSchedulerState   0x800'073b   0x18  Code  ??  tasks.o [4]
xTaskGetTickCount        0x800'043b    0x8  Code  ??  tasks.o [4]
xTaskIncrementTick       0x800'0443   0xc2  Code  ??  tasks.o [4]
xTaskPriorityDisinherit
                         0x800'075f   0x5a  Code  ??  tasks.o [4]
xTaskRemoveFromEventList
                         0x800'05cd   0x4c  Code  ??  tasks.o [4]
xTaskResumeAll           0x800'0393   0x98  Code  ??  tasks.o [4]
xTasksWaitingTermination
                        0x2000'1950   0x14  Data  Lc  tasks.o [4]
xTickCount              0x2000'198c    0x4  Data  Lc  tasks.o [4]
xTimerCreate             0x800'0ce9   0x2e  Code  ??  timers.o [4]
xTimerCreateStatic       0x800'0d1d   0x40  Code  ??  timers.o [4]
xTimerCreateTimerTask    0x800'0c95   0x54  Code  ??  timers.o [4]
xTimerGenericCommand     0x800'0daf   0x4e  Code  ??  timers.o [4]
xTimerQueue             0x2000'175c    0x4  Data  Lc  timers.o [4]
xTimerTaskHandle        0x2000'1760    0x4  Data  Lc  timers.o [4]
xYieldPending           0x2000'199c    0x4  Data  Lc  tasks.o [4]


[1] = C:\Users\pedro\Documents\important\institute of physics\Field emission\field_emission_machine\field_emission_machine_IWDG_fix\EWARM\field_emission_machine_IWDG_fix\Obj\CMSIS_6603591812247902717.dir
[2] = C:\Users\pedro\Documents\important\institute of physics\Field emission\field_emission_machine\field_emission_machine_IWDG_fix\EWARM\field_emission_machine_IWDG_fix\Obj\Core_13247989168731456611.dir
[3] = C:\Users\pedro\Documents\important\institute of physics\Field emission\field_emission_machine\field_emission_machine_IWDG_fix\EWARM\field_emission_machine_IWDG_fix\Obj\EWARM_18443280873093131863.dir
[4] = C:\Users\pedro\Documents\important\institute of physics\Field emission\field_emission_machine\field_emission_machine_IWDG_fix\EWARM\field_emission_machine_IWDG_fix\Obj\FreeRTOS_4809373609813369194.dir
[5] = C:\Users\pedro\Documents\important\institute of physics\Field emission\field_emission_machine\field_emission_machine_IWDG_fix\EWARM\field_emission_machine_IWDG_fix\Obj\STM32F1xx_HAL_Driver_9701002599162248031.dir
[6] = dl7M_tlf.a
[7] = m7M_tl.a
[8] = rt7M_tl.a
[9] = shb_l.a

  12'778 bytes of readonly  code memory
     210 bytes of readonly  data memory
   7'784 bytes of readwrite data memory

Errors: none
Warnings: none
